2026-02-10 23:33:54,407 p=11499 u=alex n=ansible WARNING| [WARNING]: Host 'node1' is using the discovered Python interpreter at '/usr/bin/python3.10', but future installation of another Python interpreter could cause a different interpreter to be discovered. See https://docs.ansible.com/ansible-core/2.19/reference_appendices/interpreter_discovery.html for more information.

2026-02-10 23:33:54,413 p=11499 u=alex n=ansible INFO| node1 | SUCCESS => {
    "ansible_facts": {
        "ansible_all_ipv4_addresses": [
            "192.168.88.41"
        ],
        "ansible_all_ipv6_addresses": [
            "fe80::a00:27ff:fe91:e4a2"
        ],
        "ansible_apparmor": {
            "status": "enabled"
        },
        "ansible_architecture": "x86_64",
        "ansible_bios_date": "12/01/2006",
        "ansible_bios_vendor": "innotek GmbH",
        "ansible_bios_version": "VirtualBox",
        "ansible_board_asset_tag": "NA",
        "ansible_board_name": "VirtualBox",
        "ansible_board_serial": "NA",
        "ansible_board_vendor": "Oracle Corporation",
        "ansible_board_version": "1.2",
        "ansible_chassis_asset_tag": "NA",
        "ansible_chassis_serial": "NA",
        "ansible_chassis_vendor": "Oracle Corporation",
        "ansible_chassis_version": "NA",
        "ansible_cmdline": {
            "BOOT_IMAGE": "/vmlinuz-5.15.0-168-generic",
            "ro": true,
            "root": "/dev/mapper/ubuntu--vg-ubuntu--lv"
        },
        "ansible_date_time": {
            "date": "2026-02-10",
            "day": "10",
            "epoch": "1770755634",
            "epoch_int": "1770755634",
            "hour": "20",
            "iso8601": "2026-02-10T20:33:54Z",
            "iso8601_basic": "20260210T203354025395",
            "iso8601_basic_short": "20260210T203354",
            "iso8601_micro": "2026-02-10T20:33:54.025395Z",
            "minute": "33",
            "month": "02",
            "second": "54",
            "time": "20:33:54",
            "tz": "UTC",
            "tz_dst": "UTC",
            "tz_offset": "+0000",
            "weekday": "Tuesday",
            "weekday_number": "2",
            "weeknumber": "06",
            "year": "2026"
        },
        "ansible_default_ipv4": {
            "address": "192.168.88.41",
            "alias": "enp0s3",
            "broadcast": "192.168.88.255",
            "gateway": "192.168.88.1",
            "interface": "enp0s3",
            "macaddress": "08:00:27:91:e4:a2",
            "mtu": 1500,
            "netmask": "255.255.255.0",
            "network": "192.168.88.0",
            "prefix": "24",
            "type": "ether"
        },
        "ansible_default_ipv6": {},
        "ansible_device_links": {
            "ids": {
                "dm-0": [
                    "dm-name-ubuntu--vg-ubuntu--lv",
                    "dm-uuid-LVM-HqekEbMPN2vGOEB0ZIgGLWprhCO5JoH1AyC2eJlV7J2g3mljnTvYxW6lx2XLoxsr"
                ],
                "sda": [
                    "ata-VBOX_HARDDISK_VB4c93ca4d-e39155d5",
                    "scsi-0ATA_VBOX_HARDDISK_VB4c93ca4d-e39155d5",
                    "scsi-1ATA_VBOX_HARDDISK_VB4c93ca4d-e39155d5",
                    "scsi-SATA_VBOX_HARDDISK_VB4c93ca4d-e39155d5"
                ],
                "sda1": [
                    "ata-VBOX_HARDDISK_VB4c93ca4d-e39155d5-part1",
                    "scsi-0ATA_VBOX_HARDDISK_VB4c93ca4d-e39155d5-part1",
                    "scsi-1ATA_VBOX_HARDDISK_VB4c93ca4d-e39155d5-part1",
                    "scsi-SATA_VBOX_HARDDISK_VB4c93ca4d-e39155d5-part1"
                ],
                "sda2": [
                    "ata-VBOX_HARDDISK_VB4c93ca4d-e39155d5-part2",
                    "scsi-0ATA_VBOX_HARDDISK_VB4c93ca4d-e39155d5-part2",
                    "scsi-1ATA_VBOX_HARDDISK_VB4c93ca4d-e39155d5-part2",
                    "scsi-SATA_VBOX_HARDDISK_VB4c93ca4d-e39155d5-part2"
                ],
                "sda3": [
                    "ata-VBOX_HARDDISK_VB4c93ca4d-e39155d5-part3",
                    "lvm-pv-uuid-cDGsq2-djtn-GWQ3-6Zfj-US7B-j5sZ-EmtO5K",
                    "scsi-0ATA_VBOX_HARDDISK_VB4c93ca4d-e39155d5-part3",
                    "scsi-1ATA_VBOX_HARDDISK_VB4c93ca4d-e39155d5-part3",
                    "scsi-SATA_VBOX_HARDDISK_VB4c93ca4d-e39155d5-part3"
                ],
                "sr0": [
                    "ata-VBOX_CD-ROM_VB0-01f003f6"
                ]
            },
            "labels": {},
            "masters": {
                "sda3": [
                    "dm-0"
                ]
            },
            "uuids": {
                "dm-0": [
                    "89065b4d-31f0-4093-a956-7dfd52bd3c07"
                ],
                "sda2": [
                    "6abaec07-2e4e-45d0-ba06-e14596d0190b"
                ]
            }
        },
        "ansible_devices": {
            "dm-0": {
                "holders": [],
                "host": "",
                "links": {
                    "ids": [
                        "dm-name-ubuntu--vg-ubuntu--lv",
                        "dm-uuid-LVM-HqekEbMPN2vGOEB0ZIgGLWprhCO5JoH1AyC2eJlV7J2g3mljnTvYxW6lx2XLoxsr"
                    ],
                    "labels": [],
                    "masters": [],
                    "uuids": [
                        "89065b4d-31f0-4093-a956-7dfd52bd3c07"
                    ]
                },
                "model": null,
                "partitions": {},
                "removable": "0",
                "rotational": "1",
                "sas_address": null,
                "sas_device_handle": null,
                "scheduler_mode": "",
                "sectors": 29417472,
                "sectorsize": "512",
                "size": "14.03 GB",
                "support_discard": "0",
                "vendor": null,
                "virtual": 1
            },
            "loop0": {
                "holders": [],
                "host": "",
                "links": {
                    "ids": [],
                    "labels": [],
                    "masters": [],
                    "uuids": []
                },
                "model": null,
                "partitions": {},
                "removable": "0",
                "rotational": "1",
                "sas_address": null,
                "sas_device_handle": null,
                "scheduler_mode": "none",
                "sectors": 0,
                "sectorsize": "512",
                "size": "0.00 Bytes",
                "support_discard": "4096",
                "vendor": null,
                "virtual": 1
            },
            "loop1": {
                "holders": [],
                "host": "",
                "links": {
                    "ids": [],
                    "labels": [],
                    "masters": [],
                    "uuids": []
                },
                "model": null,
                "partitions": {},
                "removable": "0",
                "rotational": "1",
                "sas_address": null,
                "sas_device_handle": null,
                "scheduler_mode": "none",
                "sectors": 0,
                "sectorsize": "512",
                "size": "0.00 Bytes",
                "support_discard": "0",
                "vendor": null,
                "virtual": 1
            },
            "loop2": {
                "holders": [],
                "host": "",
                "links": {
                    "ids": [],
                    "labels": [],
                    "masters": [],
                    "uuids": []
                },
                "model": null,
                "partitions": {},
                "removable": "0",
                "rotational": "1",
                "sas_address": null,
                "sas_device_handle": null,
                "scheduler_mode": "none",
                "sectors": 0,
                "sectorsize": "512",
                "size": "0.00 Bytes",
                "support_discard": "0",
                "vendor": null,
                "virtual": 1
            },
            "loop3": {
                "holders": [],
                "host": "",
                "links": {
                    "ids": [],
                    "labels": [],
                    "masters": [],
                    "uuids": []
                },
                "model": null,
                "partitions": {},
                "removable": "0",
                "rotational": "1",
                "sas_address": null,
                "sas_device_handle": null,
                "scheduler_mode": "none",
                "sectors": 0,
                "sectorsize": "512",
                "size": "0.00 Bytes",
                "support_discard": "0",
                "vendor": null,
                "virtual": 1
            },
            "loop4": {
                "holders": [],
                "host": "",
                "links": {
                    "ids": [],
                    "labels": [],
                    "masters": [],
                    "uuids": []
                },
                "model": null,
                "partitions": {},
                "removable": "0",
                "rotational": "1",
                "sas_address": null,
                "sas_device_handle": null,
                "scheduler_mode": "none",
                "sectors": 0,
                "sectorsize": "512",
                "size": "0.00 Bytes",
                "support_discard": "0",
                "vendor": null,
                "virtual": 1
            },
            "loop5": {
                "holders": [],
                "host": "",
                "links": {
                    "ids": [],
                    "labels": [],
                    "masters": [],
                    "uuids": []
                },
                "model": null,
                "partitions": {},
                "removable": "0",
                "rotational": "1",
                "sas_address": null,
                "sas_device_handle": null,
                "scheduler_mode": "none",
                "sectors": 0,
                "sectorsize": "512",
                "size": "0.00 Bytes",
                "support_discard": "0",
                "vendor": null,
                "virtual": 1
            },
            "loop6": {
                "holders": [],
                "host": "",
                "links": {
                    "ids": [],
                    "labels": [],
                    "masters": [],
                    "uuids": []
                },
                "model": null,
                "partitions": {},
                "removable": "0",
                "rotational": "1",
                "sas_address": null,
                "sas_device_handle": null,
                "scheduler_mode": "none",
                "sectors": 0,
                "sectorsize": "512",
                "size": "0.00 Bytes",
                "support_discard": "0",
                "vendor": null,
                "virtual": 1
            },
            "loop7": {
                "holders": [],
                "host": "",
                "links": {
                    "ids": [],
                    "labels": [],
                    "masters": [],
                    "uuids": []
                },
                "model": null,
                "partitions": {},
                "removable": "0",
                "rotational": "1",
                "sas_address": null,
                "sas_device_handle": null,
                "scheduler_mode": "none",
                "sectors": 0,
                "sectorsize": "512",
                "size": "0.00 Bytes",
                "support_discard": "0",
                "vendor": null,
                "virtual": 1
            },
            "sda": {
                "holders": [],
                "host": "SATA controller: Intel Corporation 82801HM/HEM (ICH8M/ICH8M-E) SATA Controller [AHCI mode] (rev 02)",
                "links": {
                    "ids": [
                        "ata-VBOX_HARDDISK_VB4c93ca4d-e39155d5",
                        "scsi-0ATA_VBOX_HARDDISK_VB4c93ca4d-e39155d5",
                        "scsi-1ATA_VBOX_HARDDISK_VB4c93ca4d-e39155d5",
                        "scsi-SATA_VBOX_HARDDISK_VB4c93ca4d-e39155d5"
                    ],
                    "labels": [],
                    "masters": [],
                    "uuids": []
                },
                "model": "VBOX HARDDISK",
                "partitions": {
                    "sda1": {
                        "holders": [],
                        "links": {
                            "ids": [
                                "ata-VBOX_HARDDISK_VB4c93ca4d-e39155d5-part1",
                                "scsi-0ATA_VBOX_HARDDISK_VB4c93ca4d-e39155d5-part1",
                                "scsi-1ATA_VBOX_HARDDISK_VB4c93ca4d-e39155d5-part1",
                                "scsi-SATA_VBOX_HARDDISK_VB4c93ca4d-e39155d5-part1"
                            ],
                            "labels": [],
                            "masters": [],
                            "uuids": []
                        },
                        "sectors": 2048,
                        "sectorsize": 512,
                        "size": "1.00 MB",
                        "start": "2048",
                        "uuid": null
                    },
                    "sda2": {
                        "holders": [],
                        "links": {
                            "ids": [
                                "ata-VBOX_HARDDISK_VB4c93ca4d-e39155d5-part2",
                                "scsi-0ATA_VBOX_HARDDISK_VB4c93ca4d-e39155d5-part2",
                                "scsi-1ATA_VBOX_HARDDISK_VB4c93ca4d-e39155d5-part2",
                                "scsi-SATA_VBOX_HARDDISK_VB4c93ca4d-e39155d5-part2"
                            ],
                            "labels": [],
                            "masters": [],
                            "uuids": [
                                "6abaec07-2e4e-45d0-ba06-e14596d0190b"
                            ]
                        },
                        "sectors": 4194304,
                        "sectorsize": 512,
                        "size": "2.00 GB",
                        "start": "4096",
                        "uuid": "6abaec07-2e4e-45d0-ba06-e14596d0190b"
                    },
                    "sda3": {
                        "holders": [
                            "ubuntu--vg-ubuntu--lv"
                        ],
                        "links": {
                            "ids": [
                                "ata-VBOX_HARDDISK_VB4c93ca4d-e39155d5-part3",
                                "lvm-pv-uuid-cDGsq2-djtn-GWQ3-6Zfj-US7B-j5sZ-EmtO5K",
                                "scsi-0ATA_VBOX_HARDDISK_VB4c93ca4d-e39155d5-part3",
                                "scsi-1ATA_VBOX_HARDDISK_VB4c93ca4d-e39155d5-part3",
                                "scsi-SATA_VBOX_HARDDISK_VB4c93ca4d-e39155d5-part3"
                            ],
                            "labels": [],
                            "masters": [
                                "dm-0"
                            ],
                            "uuids": []
                        },
                        "sectors": 58843136,
                        "sectorsize": 512,
                        "size": "28.06 GB",
                        "start": "4198400",
                        "uuid": null
                    }
                },
                "removable": "0",
                "rotational": "1",
                "sas_address": null,
                "sas_device_handle": null,
                "scheduler_mode": "mq-deadline",
                "sectors": 63044256,
                "sectorsize": "512",
                "size": "30.06 GB",
                "support_discard": "0",
                "vendor": "ATA",
                "virtual": 1
            },
            "sr0": {
                "holders": [],
                "host": "IDE interface: Intel Corporation 82371AB/EB/MB PIIX4 IDE (rev 01)",
                "links": {
                    "ids": [
                        "ata-VBOX_CD-ROM_VB0-01f003f6"
                    ],
                    "labels": [],
                    "masters": [],
                    "uuids": []
                },
                "model": "CD-ROM",
                "partitions": {},
                "removable": "1",
                "rotational": "1",
                "sas_address": null,
                "sas_device_handle": null,
                "scheduler_mode": "mq-deadline",
                "sectors": 2097151,
                "sectorsize": "512",
                "size": "1024.00 MB",
                "support_discard": "0",
                "vendor": "VBOX",
                "virtual": 1
            }
        },
        "ansible_distribution": "Ubuntu",
        "ansible_distribution_file_parsed": true,
        "ansible_distribution_file_path": "/etc/os-release",
        "ansible_distribution_file_variety": "Debian",
        "ansible_distribution_major_version": "22",
        "ansible_distribution_release": "jammy",
        "ansible_distribution_version": "22.04",
        "ansible_dns": {
            "nameservers": [
                "127.0.0.53"
            ],
            "options": {
                "edns0": true,
                "trust-ad": true
            },
            "search": [
                "."
            ]
        },
        "ansible_domain": "",
        "ansible_effective_group_id": 1000,
        "ansible_effective_user_id": 1000,
        "ansible_enp0s3": {
            "active": true,
            "device": "enp0s3",
            "features": {
                "esp_hw_offload": "off [fixed]",
                "esp_tx_csum_hw_offload": "off [fixed]",
                "fcoe_mtu": "off [fixed]",
                "generic_receive_offload": "on",
                "generic_segmentation_offload": "on",
                "highdma": "off [fixed]",
                "hsr_dup_offload": "off [fixed]",
                "hsr_fwd_offload": "off [fixed]",
                "hsr_tag_ins_offload": "off [fixed]",
                "hsr_tag_rm_offload": "off [fixed]",
                "hw_tc_offload": "off [fixed]",
                "l2_fwd_offload": "off [fixed]",
                "large_receive_offload": "off [fixed]",
                "loopback": "off [fixed]",
                "macsec_hw_offload": "off [fixed]",
                "netns_local": "off [fixed]",
                "ntuple_filters": "off [fixed]",
                "receive_hashing": "off [fixed]",
                "rx_all": "off",
                "rx_checksumming": "off",
                "rx_fcs": "off",
                "rx_gro_hw": "off [fixed]",
                "rx_gro_list": "off",
                "rx_udp_gro_forwarding": "off",
                "rx_udp_tunnel_port_offload": "off [fixed]",
                "rx_vlan_filter": "on [fixed]",
                "rx_vlan_offload": "on",
                "rx_vlan_stag_filter": "off [fixed]",
                "rx_vlan_stag_hw_parse": "off [fixed]",
                "scatter_gather": "on",
                "tcp_segmentation_offload": "on",
                "tls_hw_record": "off [fixed]",
                "tls_hw_rx_offload": "off [fixed]",
                "tls_hw_tx_offload": "off [fixed]",
                "tx_checksum_fcoe_crc": "off [fixed]",
                "tx_checksum_ip_generic": "on",
                "tx_checksum_ipv4": "off [fixed]",
                "tx_checksum_ipv6": "off [fixed]",
                "tx_checksum_sctp": "off [fixed]",
                "tx_checksumming": "on",
                "tx_esp_segmentation": "off [fixed]",
                "tx_fcoe_segmentation": "off [fixed]",
                "tx_gre_csum_segmentation": "off [fixed]",
                "tx_gre_segmentation": "off [fixed]",
                "tx_gso_list": "off [fixed]",
                "tx_gso_partial": "off [fixed]",
                "tx_gso_robust": "off [fixed]",
                "tx_ipxip4_segmentation": "off [fixed]",
                "tx_ipxip6_segmentation": "off [fixed]",
                "tx_lockless": "off [fixed]",
                "tx_nocache_copy": "off",
                "tx_scatter_gather": "on",
                "tx_scatter_gather_fraglist": "off [fixed]",
                "tx_sctp_segmentation": "off [fixed]",
                "tx_tcp6_segmentation": "off [fixed]",
                "tx_tcp_ecn_segmentation": "off [fixed]",
                "tx_tcp_mangleid_segmentation": "off",
                "tx_tcp_segmentation": "on",
                "tx_tunnel_remcsum_segmentation": "off [fixed]",
                "tx_udp_segmentation": "off [fixed]",
                "tx_udp_tnl_csum_segmentation": "off [fixed]",
                "tx_udp_tnl_segmentation": "off [fixed]",
                "tx_vlan_offload": "on [fixed]",
                "tx_vlan_stag_hw_insert": "off [fixed]",
                "vlan_challenged": "off [fixed]"
            },
            "hw_timestamp_filters": [],
            "ipv4": {
                "address": "192.168.88.41",
                "broadcast": "192.168.88.255",
                "netmask": "255.255.255.0",
                "network": "192.168.88.0",
                "prefix": "24"
            },
            "ipv6": [
                {
                    "address": "fe80::a00:27ff:fe91:e4a2",
                    "prefix": "64",
                    "scope": "link"
                }
            ],
            "macaddress": "08:00:27:91:e4:a2",
            "module": "e1000",
            "mtu": 1500,
            "pciid": "0000:00:03.0",
            "promisc": false,
            "speed": 1000,
            "timestamping": [],
            "type": "ether"
        },
        "ansible_env": {
            "DBUS_SESSION_BUS_ADDRESS": "unix:path=/run/user/1000/bus",
            "HOME": "/home/alex",
            "LANG": "C.UTF-8",
            "LOGNAME": "alex",
            "MOTD_SHOWN": "pam",
            "PATH": "/usr/local/sbin:/usr/local/bin:/usr/sbin:/usr/bin:/sbin:/bin:/usr/games:/usr/local/games:/snap/bin",
            "PWD": "/home/alex",
            "SHELL": "/bin/bash",
            "SHLVL": "0",
            "SSH_CLIENT": "192.168.88.12 41796 22",
            "SSH_CONNECTION": "192.168.88.12 41796 192.168.88.41 22",
            "SSH_TTY": "/dev/pts/0",
            "TERM": "xterm-256color",
            "USER": "alex",
            "XDG_RUNTIME_DIR": "/run/user/1000",
            "XDG_SESSION_CLASS": "user",
            "XDG_SESSION_ID": "1",
            "XDG_SESSION_TYPE": "tty",
            "_": "/bin/sh"
        },
        "ansible_fibre_channel_wwn": [],
        "ansible_fips": false,
        "ansible_flags": [
            "fpu",
            "vme",
            "de",
            "pse",
            "tsc",
            "msr",
            "pae",
            "mce",
            "cx8",
            "apic",
            "sep",
            "mtrr",
            "pge",
            "mca",
            "cmov",
            "pat",
            "pse36",
            "clflush",
            "mmx",
            "fxsr",
            "sse",
            "sse2",
            "ht",
            "syscall",
            "nx",
            "mmxext",
            "fxsr_opt",
            "rdtscp",
            "lm",
            "constant_tsc",
            "rep_good",
            "nopl",
            "nonstop_tsc",
            "cpuid",
            "extd_apicid",
            "tsc_known_freq",
            "pni",
            "pclmulqdq",
            "ssse3",
            "fma",
            "cx16",
            "sse4_1",
            "sse4_2",
            "movbe",
            "popcnt",
            "aes",
            "xsave",
            "avx",
            "f16c",
            "rdrand",
            "hypervisor",
            "lahf_lm",
            "cmp_legacy",
            "cr8_legacy",
            "abm",
            "sse4a",
            "misalignsse",
            "3dnowprefetch",
            "vmmcall",
            "fsgsbase",
            "bmi1",
            "avx2",
            "bmi2",
            "invpcid",
            "rdseed",
            "adx",
            "clflushopt",
            "sha_ni",
            "arat"
        ],
        "ansible_form_factor": "Other",
        "ansible_fqdn": "node1",
        "ansible_hostname": "node1",
        "ansible_hostnqn": "",
        "ansible_interfaces": [
            "enp0s3",
            "lo"
        ],
        "ansible_is_chroot": false,
        "ansible_iscsi_iqn": "",
        "ansible_kernel": "5.15.0-168-generic",
        "ansible_kernel_version": "#178-Ubuntu SMP Fri Jan 9 19:05:03 UTC 2026",
        "ansible_lo": {
            "active": true,
            "device": "lo",
            "features": {
                "esp_hw_offload": "off [fixed]",
                "esp_tx_csum_hw_offload": "off [fixed]",
                "fcoe_mtu": "off [fixed]",
                "generic_receive_offload": "on",
                "generic_segmentation_offload": "on",
                "highdma": "on [fixed]",
                "hsr_dup_offload": "off [fixed]",
                "hsr_fwd_offload": "off [fixed]",
                "hsr_tag_ins_offload": "off [fixed]",
                "hsr_tag_rm_offload": "off [fixed]",
                "hw_tc_offload": "off [fixed]",
                "l2_fwd_offload": "off [fixed]",
                "large_receive_offload": "off [fixed]",
                "loopback": "on [fixed]",
                "macsec_hw_offload": "off [fixed]",
                "netns_local": "on [fixed]",
                "ntuple_filters": "off [fixed]",
                "receive_hashing": "off [fixed]",
                "rx_all": "off [fixed]",
                "rx_checksumming": "on [fixed]",
                "rx_fcs": "off [fixed]",
                "rx_gro_hw": "off [fixed]",
                "rx_gro_list": "off",
                "rx_udp_gro_forwarding": "off",
                "rx_udp_tunnel_port_offload": "off [fixed]",
                "rx_vlan_filter": "off [fixed]",
                "rx_vlan_offload": "off [fixed]",
                "rx_vlan_stag_filter": "off [fixed]",
                "rx_vlan_stag_hw_parse": "off [fixed]",
                "scatter_gather": "on",
                "tcp_segmentation_offload": "on",
                "tls_hw_record": "off [fixed]",
                "tls_hw_rx_offload": "off [fixed]",
                "tls_hw_tx_offload": "off [fixed]",
                "tx_checksum_fcoe_crc": "off [fixed]",
                "tx_checksum_ip_generic": "on [fixed]",
                "tx_checksum_ipv4": "off [fixed]",
                "tx_checksum_ipv6": "off [fixed]",
                "tx_checksum_sctp": "on [fixed]",
                "tx_checksumming": "on",
                "tx_esp_segmentation": "off [fixed]",
                "tx_fcoe_segmentation": "off [fixed]",
                "tx_gre_csum_segmentation": "off [fixed]",
                "tx_gre_segmentation": "off [fixed]",
                "tx_gso_list": "on",
                "tx_gso_partial": "off [fixed]",
                "tx_gso_robust": "off [fixed]",
                "tx_ipxip4_segmentation": "off [fixed]",
                "tx_ipxip6_segmentation": "off [fixed]",
                "tx_lockless": "on [fixed]",
                "tx_nocache_copy": "off [fixed]",
                "tx_scatter_gather": "on [fixed]",
                "tx_scatter_gather_fraglist": "on [fixed]",
                "tx_sctp_segmentation": "on",
                "tx_tcp6_segmentation": "on",
                "tx_tcp_ecn_segmentation": "on",
                "tx_tcp_mangleid_segmentation": "on",
                "tx_tcp_segmentation": "on",
                "tx_tunnel_remcsum_segmentation": "off [fixed]",
                "tx_udp_segmentation": "on",
                "tx_udp_tnl_csum_segmentation": "off [fixed]",
                "tx_udp_tnl_segmentation": "off [fixed]",
                "tx_vlan_offload": "off [fixed]",
                "tx_vlan_stag_hw_insert": "off [fixed]",
                "vlan_challenged": "on [fixed]"
            },
            "hw_timestamp_filters": [],
            "ipv4": {
                "address": "127.0.0.1",
                "broadcast": "",
                "netmask": "255.0.0.0",
                "network": "127.0.0.0",
                "prefix": "8"
            },
            "ipv6": [
                {
                    "address": "::1",
                    "prefix": "128",
                    "scope": "host"
                }
            ],
            "mtu": 65536,
            "promisc": false,
            "timestamping": [],
            "type": "loopback"
        },
        "ansible_loadavg": {
            "15m": 0.00341796875,
            "1m": 0.05615234375,
            "5m": 0.0146484375
        },
        "ansible_local": {},
        "ansible_locally_reachable_ips": {
            "ipv4": [
                "127.0.0.0/8",
                "127.0.0.1",
                "192.168.88.41"
            ],
            "ipv6": [
                "::1",
                "fe80::a00:27ff:fe91:e4a2"
            ]
        },
        "ansible_lsb": {
            "codename": "jammy",
            "description": "Ubuntu 22.04.5 LTS",
            "id": "Ubuntu",
            "major_release": "22",
            "release": "22.04"
        },
        "ansible_lvm": "N/A",
        "ansible_machine": "x86_64",
        "ansible_machine_id": "9e259e0769794946a89138792fca4691",
        "ansible_memfree_mb": 1450,
        "ansible_memory_mb": {
            "nocache": {
                "free": 1736,
                "used": 227
            },
            "real": {
                "free": 1450,
                "total": 1963,
                "used": 513
            },
            "swap": {
                "cached": 0,
                "free": 0,
                "total": 0,
                "used": 0
            }
        },
        "ansible_memtotal_mb": 1963,
        "ansible_mounts": [
            {
                "block_available": 1976693,
                "block_size": 4096,
                "block_total": 3592787,
                "block_used": 1616094,
                "device": "/dev/mapper/ubuntu--vg-ubuntu--lv",
                "dump": 0,
                "fstype": "ext4",
                "inode_available": 844673,
                "inode_total": 920272,
                "inode_used": 75599,
                "mount": "/",
                "options": "rw,relatime",
                "passno": 0,
                "size_available": 8096534528,
                "size_total": 14716055552,
                "uuid": "89065b4d-31f0-4093-a956-7dfd52bd3c07"
            },
            {
                "block_available": 434310,
                "block_size": 4096,
                "block_total": 498138,
                "block_used": 63828,
                "device": "/dev/sda2",
                "dump": 0,
                "fstype": "ext4",
                "inode_available": 130756,
                "inode_total": 131072,
                "inode_used": 316,
                "mount": "/boot",
                "options": "rw,relatime",
                "passno": 0,
                "size_available": 1778933760,
                "size_total": 2040373248,
                "uuid": "6abaec07-2e4e-45d0-ba06-e14596d0190b"
            },
            {
                "device": "/dev/mapper/ubuntu--vg-ubuntu--lv",
                "dump": 0,
                "fstype": "ext4",
                "mount": "/var/lib/containers/storage/overlay",
                "options": "rw,relatime,bind",
                "passno": 0,
                "uuid": "89065b4d-31f0-4093-a956-7dfd52bd3c07"
            }
        ],
        "ansible_nodename": "node1",
        "ansible_os_family": "Debian",
        "ansible_pkg_mgr": "apt",
        "ansible_proc_cmdline": {
            "BOOT_IMAGE": "/vmlinuz-5.15.0-168-generic",
            "ro": true,
            "root": "/dev/mapper/ubuntu--vg-ubuntu--lv"
        },
        "ansible_processor": [
            "0",
            "AuthenticAMD",
            "AMD Ryzen 7 5700X 8-Core Processor",
            "1",
            "AuthenticAMD",
            "AMD Ryzen 7 5700X 8-Core Processor"
        ],
        "ansible_processor_cores": 2,
        "ansible_processor_count": 1,
        "ansible_processor_nproc": 2,
        "ansible_processor_threads_per_core": 1,
        "ansible_processor_vcpus": 2,
        "ansible_product_name": "VirtualBox",
        "ansible_product_serial": "NA",
        "ansible_product_uuid": "NA",
        "ansible_product_version": "1.2",
        "ansible_python": {
            "executable": "/usr/bin/python3.10",
            "has_sslcontext": true,
            "type": "cpython",
            "version": {
                "major": 3,
                "micro": 12,
                "minor": 10,
                "releaselevel": "final",
                "serial": 0
            },
            "version_info": [
                3,
                10,
                12,
                "final",
                0
            ]
        },
        "ansible_python_version": "3.10.12",
        "ansible_real_group_id": 1000,
        "ansible_real_user_id": 1000,
        "ansible_selinux": {
            "status": "disabled"
        },
        "ansible_selinux_python_present": true,
        "ansible_service_mgr": "systemd",
        "ansible_ssh_host_key_ecdsa_public": "AAAAE2VjZHNhLXNoYTItbmlzdHAyNTYAAAAIbmlzdHAyNTYAAABBBMeYRwQUHncnbmNmXM6LofdfrMFwC9pIDZ2Mf5q2IOFh2pmYGjKKGeo+huAGwxDOmMEc2eWKh7lHuIgWbiEf+7k=",
        "ansible_ssh_host_key_ecdsa_public_keytype": "ecdsa-sha2-nistp256",
        "ansible_ssh_host_key_ed25519_public": "AAAAC3NzaC1lZDI1NTE5AAAAIPuV857m9nXgPxnWD32ZS8fw1sfVJykFq6DZrhYhSDp4",
        "ansible_ssh_host_key_ed25519_public_keytype": "ssh-ed25519",
        "ansible_ssh_host_key_rsa_public": "AAAAB3NzaC1yc2EAAAADAQABAAABgQCNpFvkIM6oyjqJ7nTRYBMJcH+6AclguYQrjaoGHYyOAYeGBg79bZR+AE+8emU6F9fuaRttUI5cN5AG0ceAwpWfZ0sjZB33ER/sp8ryasvnKc8bSazx8JYBEIZZh201Nq5di+9PRnIAMmbJMBziWNt4xnMHv18w1bieWUJebM+8pE3kjAv2J9ntukW4B9Ty/ATM3e477rlxmNE8+UI3Aqfh4tW130Q5zL5Y1b+daBTNkTKB/8moUDS8gf1vHhfw/AOeqYdy0ksyZuIU0sKdjN9psrkIkGC/ZhzlyAp2Vhh+ZwYiDb6bsEqHi0CIG7ycryvPotF9YQ5I6puGpgI5ZhEiY2Lto2l/d9u6C4qbK2qABBvveYkwn5AM/ijA4lky45zGAGDgvfn1O231VmmwO1bZGnZ9HUuGYY2Fmdep1gdsSHTwTKbrsXZHi9omo7eBvlxb+h4D0gEo3HzyZp60OP9haDHtzdbnCT0Estedotqaf/UeGJfdBRfiAavhFSYIM8M=",
        "ansible_ssh_host_key_rsa_public_keytype": "ssh-rsa",
        "ansible_swapfree_mb": 0,
        "ansible_swaptotal_mb": 0,
        "ansible_system": "Linux",
        "ansible_system_capabilities": [
            ""
        ],
        "ansible_system_capabilities_enforced": "True",
        "ansible_system_vendor": "innotek GmbH",
        "ansible_systemd": {
            "features": "+PAM +AUDIT +SELINUX +APPARMOR +IMA +SMACK +SECCOMP +GCRYPT +GNUTLS +OPENSSL +ACL +BLKID +CURL +ELFUTILS +FIDO2 +IDN2 -IDN +IPTC +KMOD +LIBCRYPTSETUP +LIBFDISK +PCRE2 -PWQUALITY -P11KIT -QRENCODE +BZIP2 +LZ4 +XZ +ZLIB +ZSTD -XKBCOMMON +UTMP +SYSVINIT default-hierarchy=unified",
            "version": 249
        },
        "ansible_uptime_seconds": 35,
        "ansible_user_dir": "/home/alex",
        "ansible_user_gecos": "alex",
        "ansible_user_gid": 1000,
        "ansible_user_id": "alex",
        "ansible_user_shell": "/bin/bash",
        "ansible_user_uid": 1000,
        "ansible_userspace_architecture": "x86_64",
        "ansible_userspace_bits": "64",
        "ansible_virtualization_role": "guest",
        "ansible_virtualization_tech_guest": [
            "virtualbox"
        ],
        "ansible_virtualization_tech_host": [],
        "ansible_virtualization_type": "virtualbox",
        "discovered_interpreter_python": "/usr/bin/python3.10",
        "gather_subset": [
            "all"
        ],
        "module_setup": true
    },
    "changed": false
}
2026-02-10 23:33:55,935 p=11499 u=alex n=ansible ERROR| [ERROR]: Task failed: Failed to connect to the host via ssh: ssh: connect to host node3 port 22: No route to host
Origin: <adhoc 'setup' task>

{'action': 'setup', 'args': {}, 'timeout': 0, 'async_val': 0, 'poll': 15}


2026-02-10 23:33:55,935 p=11499 u=alex n=ansible INFO| node3 | UNREACHABLE! => {
    "changed": false,
    "msg": "Task failed: Failed to connect to the host via ssh: ssh: connect to host node3 port 22: No route to host",
    "unreachable": true
}
2026-02-10 23:33:55,936 p=11499 u=alex n=ansible ERROR| [ERROR]: Task failed: Failed to connect to the host via ssh: ssh: connect to host node2 port 22: No route to host
Origin: <adhoc 'setup' task>

{'action': 'setup', 'args': {}, 'timeout': 0, 'async_val': 0, 'poll': 15}


2026-02-10 23:33:55,936 p=11499 u=alex n=ansible INFO| node2 | UNREACHABLE! => {
    "changed": false,
    "msg": "Task failed: Failed to connect to the host via ssh: ssh: connect to host node2 port 22: No route to host",
    "unreachable": true
}
